below should be the output of the first script!
something.md wow.txt
below should be the output of the first script as well!
something.md wow.txt
